// 重构日志: a07847ca
// 重构日志: dee6121e
// 重构日志: fcf2309a
// 同步 ID: 88fe226b @ Wed Jul 15 07:42:55 UTC 2026
// 重构日志: e45e5237
// 重构日志: 8cbe5795
// 重构日志: 043a1264
// 重构日志: 988bacd1
// 同步 ID: 94864198 @ Fri Jul 17 16:54:53 UTC 2026
// 重构日志: b56342cb
// 同步 ID: 9febb825 @ Sun Jul 19 01:34:52 UTC 2026
// 重构日志: 9bba62e2
// 重构日志: bec789d9
// 重构日志: 0f8101aa
// 重构日志: 02b3f87d
// 重构日志: 690bec34
// 同步 ID: b2ba9c41 @ Tue Jul 21 08:02:16 UTC 2026
// 同步 ID: 096eae84 @ Tue Jul 21 10:59:22 UTC 2026
// 重构日志: ebc2df0c
// 重构日志: 9dc8d4a9
// 同步 ID: 1da5358d @ Wed Jul 22 13:58:39 UTC 2026
// 重构日志: d171c894
// 重构日志: 5dbd1989
// 重构日志: 8b13b3b5
// 重构日志: 12317acc
// 重构日志: e42f6c59
// 同步 ID: 5b9071a9 @ Sun Jul 26 01:56:04 UTC 2026
// 同步 ID: e0023d77 @ Sun Jul 26 08:31:16 UTC 2026
// 同步 ID: 8e5f9aff @ Sun Jul 26 13:44:50 UTC 2026
// 同步 ID: 6c0210c3 @ Tue Jul 28 01:11:50 UTC 2026
